// Jest Snapshot v1, https://goo.gl/fbAQLP

exports[`Test in GifItem Snapshop del componente 1`] = `
<div>
  <div
    class="card"
  >
    <img
      alt="test"
      src="http://localhost/123"
    />
    <p>
      test
    </p>
  </div>
</div>
`;
